// Vitest Snapshot v1, https://vitest.dev/guide/snapshot.html

exports[`AppButton > renders as expected 1`] = `"<a data-v-2f131dae="">test-button</a>"`;
