// Vitest Snapshot v1, https://vitest.dev/guide/snapshot.html

exports[`UserName > should render as expected 1`] = `"<span class="username">John</span>"`;
